[2026-08-05 23:59:02,063] [WARNING] server: 404 Not Found: /
[2026-08-05 23:59:02,286] [WARNING] server: 404 Not Found: /favicon.ico
[2026-08-05 23:59:21,316] [WARNING] server: 404 Not Found: /
[2026-08-05 23:59:35,286] [WARNING] server: 404 Not Found: /
[2026-08-06 00:17:59,858] [WARNING] server: 404 Not Found: /
[2026-08-06 00:18:10,469] [WARNING] server: 404 Not Found: /
[2026-08-06 00:42:20,612] [WARNING] server: 404 Not Found: /
[2026-08-06 00:42:41,078] [WARNING] server: 404 Not Found: /
[2026-08-06 00:42:50,228] [WARNING] server: 404 Not Found: /
[2026-08-06 00:45:07,599] [WARNING] server: 404 Not Found: /
[2026-08-06 00:56:52,680] [WARNING] server: 404 Not Found: /
[2026-08-06 11:49:20,192] [WARNING] server: 404 Not Found: /
[2026-08-06 11:49:26,530] [WARNING] server: 404 Not Found: /
[2026-08-06 11:49:26,533] [WARNING] server: 404 Not Found: /loginMsg.js
[2026-08-06 11:49:26,536] [WARNING] server: 404 Not Found: /cgi/get.cgi
[2026-08-06 11:49:30,924] [WARNING] server: 404 Not Found: /rootDesc.xml
[2026-08-06 11:49:30,931] [WARNING] server: 404 Not Found: /boaform/admin/formTracert
[2026-08-06 12:25:28,622] [WARNING] server: 404 Not Found: /
[2026-08-06 12:25:35,908] [WARNING] server: 404 Not Found: /
[2026-08-06 12:25:36,211] [WARNING] server: 404 Not Found: /favicon.ico
