[2026-08-07 14:55:46] [ERROR] [N/A] app: Non-fatal schema migration step failed during startup: (sqlite3.OperationalError) Cannot add a column with non-constant default
[SQL: ALTER TABLE booking ADD COLUMN created_at DATETIME NOT NULL DEFAULT CURRENT_TIMESTAMP]
(Background on this error at: https://sqlalche.me/e/20/e3q8)
Traceback (most recent call last):
  File "C:\Users\User\AppData\Roaming\Python\Python314\site-packages\sqlalchemy\engine\base.py", line 1969, in _exec_single_context
    self.dialect.do_execute(
    ~~~~~~~~~~~~~~~~~~~~~~~^
        cursor, str_statement, effective_parameters, context
        ^^^^^^^^^^^^^^^^^^^^^^^^^^^^^^^^^^^^^^^^^^^^^^^^^^^^
    )
    ^
  File "C:\Users\User\AppData\Roaming\Python\Python314\site-packages\sqlalchemy\engine\default.py", line 952, in do_execute
    cursor.execute(statement, parameters)
    ~~~~~~~~~~~~~~^^^^^^^^^^^^^^^^^^^^^^^
sqlite3.OperationalError: Cannot add a column with non-constant default

The above exception was the direct cause of the following exception:

Traceback (most recent call last):
  File "C:\Users\User\LocalDev\travelingstar-backend\app.py", line 212, in create_app
    migrate_user_schema()
    ~~~~~~~~~~~~~~~~~~~^^
  File "C:\Users\User\LocalDev\travelingstar-backend\app.py", line 57, in migrate_user_schema
    conn.execute(text("ALTER TABLE booking ADD COLUMN created_at DATETIME NOT NULL DEFAULT CURRENT_TIMESTAMP"))
    ~~~~~~~~~~~~^^^^^^^^^^^^^^^^^^^^^^^^^^^^^^^^^^^^^^^^^^^^^^^^^^^^^^^^^^^^^^^^^^^^^^^^^^^^^^^^^^^^^^^^^^^^^^^
  File "C:\Users\User\AppData\Roaming\Python\Python314\site-packages\sqlalchemy\engine\base.py", line 1421, in execute
    return meth(
        self,
        distilled_parameters,
        execution_options or NO_OPTIONS,
    )
  File "C:\Users\User\AppData\Roaming\Python\Python314\site-packages\sqlalchemy\sql\elements.py", line 526, in _execute_on_connection
    return connection._execute_clauseelement(
           ~~~~~~~~~~~~~~~~~~~~~~~~~~~~~~~~~^
        self, distilled_params, execution_options
        ^^^^^^^^^^^^^^^^^^^^^^^^^^^^^^^^^^^^^^^^^
    )
    ^
  File "C:\Users\User\AppData\Roaming\Python\Python314\site-packages\sqlalchemy\engine\base.py", line 1643, in _execute_clauseelement
    ret = self._execute_context(
        dialect,
    ...<8 lines>...
        cache_hit=cache_hit,
    )
  File "C:\Users\User\AppData\Roaming\Python\Python314\site-packages\sqlalchemy\engine\base.py", line 1848, in _execute_context
    return self._exec_single_context(
           ~~~~~~~~~~~~~~~~~~~~~~~~~^
        dialect, context, statement, parameters
        ^^^^^^^^^^^^^^^^^^^^^^^^^^^^^^^^^^^^^^^
    )
    ^
  File "C:\Users\User\AppData\Roaming\Python\Python314\site-packages\sqlalchemy\engine\base.py", line 1988, in _exec_single_context
    self._handle_dbapi_exception(
    ~~~~~~~~~~~~~~~~~~~~~~~~~~~~^
        e, str_statement, effective_parameters, cursor, context
        ^^^^^^^^^^^^^^^^^^^^^^^^^^^^^^^^^^^^^^^^^^^^^^^^^^^^^^^
    )
    ^
  File "C:\Users\User\AppData\Roaming\Python\Python314\site-packages\sqlalchemy\engine\base.py", line 2365, in _handle_dbapi_exception
    raise sqlalchemy_exception.with_traceback(exc_info[2]) from e
  File "C:\Users\User\AppData\Roaming\Python\Python314\site-packages\sqlalchemy\engine\base.py", line 1969, in _exec_single_context
    self.dialect.do_execute(
    ~~~~~~~~~~~~~~~~~~~~~~~^
        cursor, str_statement, effective_parameters, context
        ^^^^^^^^^^^^^^^^^^^^^^^^^^^^^^^^^^^^^^^^^^^^^^^^^^^^
    )
    ^
  File "C:\Users\User\AppData\Roaming\Python\Python314\site-packages\sqlalchemy\engine\default.py", line 952, in do_execute
    cursor.execute(statement, parameters)
    ~~~~~~~~~~~~~~^^^^^^^^^^^^^^^^^^^^^^^
sqlalchemy.exc.OperationalError: (sqlite3.OperationalError) Cannot add a column with non-constant default
[SQL: ALTER TABLE booking ADD COLUMN created_at DATETIME NOT NULL DEFAULT CURRENT_TIMESTAMP]
(Background on this error at: https://sqlalche.me/e/20/e3q8)
[2026-08-07 18:06:17] [ERROR] [8a72a45a] app: Exception on / [GET]
Traceback (most recent call last):
  File "C:\Users\User\AppData\Roaming\Python\Python314\site-packages\flask\app.py", line 1473, in wsgi_app
    response = self.full_dispatch_request()
  File "C:\Users\User\AppData\Roaming\Python\Python314\site-packages\flask\app.py", line 883, in full_dispatch_request
    return self.finalize_request(rv)
           ~~~~~~~~~~~~~~~~~~~~~^^^^
  File "C:\Users\User\AppData\Roaming\Python\Python314\site-packages\flask\app.py", line 904, in finalize_request
    response = self.process_response(response)
  File "C:\Users\User\AppData\Roaming\Python\Python314\site-packages\flask\app.py", line 1281, in process_response
    response = self.ensure_sync(func)(response)
  File "C:\Users\User\LocalDev\travelingstar-backend\utils\logger.py", line 152, in log_response_info
    'response_size': len(response.get_data())
                         ~~~~~~~~~~~~~~~~~^^
  File "C:\Users\User\AppData\Roaming\Python\Python314\site-packages\werkzeug\wrappers\response.py", line 281, in get_data
    self._ensure_sequence()
    ~~~~~~~~~~~~~~~~~~~~~^^
  File "C:\Users\User\AppData\Roaming\Python\Python314\site-packages\werkzeug\wrappers\response.py", line 329, in _ensure_sequence
    raise RuntimeError(
    ...<2 lines>...
    )
RuntimeError: Attempted implicit sequence conversion but the response object is in direct passthrough mode.
[2026-08-07 18:06:17] [ERROR] [8a72a45a] app: Unhandled exception
Traceback (most recent call last):
  File "C:\Users\User\AppData\Roaming\Python\Python314\site-packages\flask\app.py", line 1473, in wsgi_app
    response = self.full_dispatch_request()
  File "C:\Users\User\AppData\Roaming\Python\Python314\site-packages\flask\app.py", line 883, in full_dispatch_request
    return self.finalize_request(rv)
           ~~~~~~~~~~~~~~~~~~~~~^^^^
  File "C:\Users\User\AppData\Roaming\Python\Python314\site-packages\flask\app.py", line 904, in finalize_request
    response = self.process_response(response)
  File "C:\Users\User\AppData\Roaming\Python\Python314\site-packages\flask\app.py", line 1281, in process_response
    response = self.ensure_sync(func)(response)
  File "C:\Users\User\LocalDev\travelingstar-backend\utils\logger.py", line 152, in log_response_info
    'response_size': len(response.get_data())
                         ~~~~~~~~~~~~~~~~~^^
  File "C:\Users\User\AppData\Roaming\Python\Python314\site-packages\werkzeug\wrappers\response.py", line 281, in get_data
    self._ensure_sequence()
    ~~~~~~~~~~~~~~~~~~~~~^^
  File "C:\Users\User\AppData\Roaming\Python\Python314\site-packages\werkzeug\wrappers\response.py", line 329, in _ensure_sequence
    raise RuntimeError(
    ...<2 lines>...
    )
RuntimeError: Attempted implicit sequence conversion but the response object is in direct passthrough mode.
[2026-08-12 04:02:26] [ERROR] [N/A] app: Database initialization failed during startup: (sqlite3.OperationalError) unable to open database file
(Background on this error at: https://sqlalche.me/e/20/e3q8)
Traceback (most recent call last):
  File "C:\Users\User\AppData\Roaming\Python\Python314\site-packages\sqlalchemy\engine\base.py", line 144, in __init__
    self._dbapi_connection = engine.raw_connection()
                             ~~~~~~~~~~~~~~~~~~~~~^^
  File "C:\Users\User\AppData\Roaming\Python\Python314\site-packages\sqlalchemy\engine\base.py", line 3319, in raw_connection
    return self.pool.connect()
           ~~~~~~~~~~~~~~~~~^^
  File "C:\Users\User\AppData\Roaming\Python\Python314\site-packages\sqlalchemy\pool\base.py", line 448, in connect
    return _ConnectionFairy._checkout(self)
           ~~~~~~~~~~~~~~~~~~~~~~~~~~^^^^^^
  File "C:\Users\User\AppData\Roaming\Python\Python314\site-packages\sqlalchemy\pool\base.py", line 1272, in _checkout
    fairy = _ConnectionRecord.checkout(pool)
  File "C:\Users\User\AppData\Roaming\Python\Python314\site-packages\sqlalchemy\pool\base.py", line 712, in checkout
    rec = pool._do_get()
  File "C:\Users\User\AppData\Roaming\Python\Python314\site-packages\sqlalchemy\pool\impl.py", line 178, in _do_get
    with util.safe_reraise():
         ~~~~~~~~~~~~~~~~~^^
  File "C:\Users\User\AppData\Roaming\Python\Python314\site-packages\sqlalchemy\util\langhelpers.py", line 122, in __exit__
    raise exc_value.with_traceback(exc_tb)
  File "C:\Users\User\AppData\Roaming\Python\Python314\site-packages\sqlalchemy\pool\impl.py", line 176, in _do_get
    return self._create_connection()
           ~~~~~~~~~~~~~~~~~~~~~~~^^
  File "C:\Users\User\AppData\Roaming\Python\Python314\site-packages\sqlalchemy\pool\base.py", line 389, in _create_connection
    return _ConnectionRecord(self)
  File "C:\Users\User\AppData\Roaming\Python\Python314\site-packages\sqlalchemy\pool\base.py", line 674, in __init__
    self.__connect()
    ~~~~~~~~~~~~~~^^
  File "C:\Users\User\AppData\Roaming\Python\Python314\site-packages\sqlalchemy\pool\base.py", line 900, in __connect
    with util.safe_reraise():
         ~~~~~~~~~~~~~~~~~^^
  File "C:\Users\User\AppData\Roaming\Python\Python314\site-packages\sqlalchemy\util\langhelpers.py", line 122, in __exit__
    raise exc_value.with_traceback(exc_tb)
  File "C:\Users\User\AppData\Roaming\Python\Python314\site-packages\sqlalchemy\pool\base.py", line 896, in __connect
    self.dbapi_connection = connection = pool._invoke_creator(self)
                                         ~~~~~~~~~~~~~~~~~~~~^^^^^^
  File "C:\Users\User\AppData\Roaming\Python\Python314\site-packages\sqlalchemy\engine\create.py", line 667, in connect
    return dialect.connect(*cargs_tup, **cparams)
           ~~~~~~~~~~~~~~~^^^^^^^^^^^^^^^^^^^^^^^
  File "C:\Users\User\AppData\Roaming\Python\Python314\site-packages\sqlalchemy\engine\default.py", line 630, in connect
    return self.loaded_dbapi.connect(*cargs, **cparams)  # type: ignore[no-any-return]  # NOQA: E501
           ~~~~~~~~~~~~~~~~~~~~~~~~~^^^^^^^^^^^^^^^^^^^
sqlite3.OperationalError: unable to open database file

The above exception was the direct cause of the following exception:

Traceback (most recent call last):
  File "C:\Users\User\LocalDev\travelingstar-backend\app.py", line 185, in create_app
    db.create_all()
    ~~~~~~~~~~~~~^^
  File "C:\Users\User\AppData\Roaming\Python\Python314\site-packages\flask_sqlalchemy\extension.py", line 884, in create_all
    self._call_for_binds(bind_key, "create_all")
    ~~~~~~~~~~~~~~~~~~~~^^^^^^^^^^^^^^^^^^^^^^^^
  File "C:\Users\User\AppData\Roaming\Python\Python314\site-packages\flask_sqlalchemy\extension.py", line 865, in _call_for_binds
    getattr(metadata, op_name)(bind=engine)
    ~~~~~~~~~~~~~~~~~~~~~~~~~~^^^^^^^^^^^^^
  File "C:\Users\User\AppData\Roaming\Python\Python314\site-packages\sqlalchemy\sql\schema.py", line 5930, in create_all
    bind._run_ddl_visitor(
    ~~~~~~~~~~~~~~~~~~~~~^
        ddl.SchemaGenerator, self, checkfirst=checkfirst, tables=tables
        ^^^^^^^^^^^^^^^^^^^^^^^^^^^^^^^^^^^^^^^^^^^^^^^^^^^^^^^^^^^^^^^
    )
    ^
  File "C:\Users\User\AppData\Roaming\Python\Python314\site-packages\sqlalchemy\engine\base.py", line 3269, in _run_ddl_visitor
    with self.begin() as conn:
         ~~~~~~~~~~^^
  File "C:\Python314\Lib\contextlib.py", line 141, in __enter__
    return next(self.gen)
  File "C:\Users\User\AppData\Roaming\Python\Python314\site-packages\sqlalchemy\engine\base.py", line 3259, in begin
    with self.connect() as conn:
         ~~~~~~~~~~~~^^
  File "C:\Users\User\AppData\Roaming\Python\Python314\site-packages\sqlalchemy\engine\base.py", line 3295, in connect
    return self._connection_cls(self)
           ~~~~~~~~~~~~~~~~~~~~^^^^^^
  File "C:\Users\User\AppData\Roaming\Python\Python314\site-packages\sqlalchemy\engine\base.py", line 146, in __init__
    Connection._handle_dbapi_exception_noconnection(
    ~~~~~~~~~~~~~~~~~~~~~~~~~~~~~~~~~~~~~~~~~~~~~~~^
        err, dialect, engine
        ^^^^^^^^^^^^^^^^^^^^
    )
    ^
  File "C:\Users\User\AppData\Roaming\Python\Python314\site-packages\sqlalchemy\engine\base.py", line 2450, in _handle_dbapi_exception_noconnection
    raise sqlalchemy_exception.with_traceback(exc_info[2]) from e
  File "C:\Users\User\AppData\Roaming\Python\Python314\site-packages\sqlalchemy\engine\base.py", line 144, in __init__
    self._dbapi_connection = engine.raw_connection()
                             ~~~~~~~~~~~~~~~~~~~~~^^
  File "C:\Users\User\AppData\Roaming\Python\Python314\site-packages\sqlalchemy\engine\base.py", line 3319, in raw_connection
    return self.pool.connect()
           ~~~~~~~~~~~~~~~~~^^
  File "C:\Users\User\AppData\Roaming\Python\Python314\site-packages\sqlalchemy\pool\base.py", line 448, in connect
    return _ConnectionFairy._checkout(self)
           ~~~~~~~~~~~~~~~~~~~~~~~~~~^^^^^^
  File "C:\Users\User\AppData\Roaming\Python\Python314\site-packages\sqlalchemy\pool\base.py", line 1272, in _checkout
    fairy = _ConnectionRecord.checkout(pool)
  File "C:\Users\User\AppData\Roaming\Python\Python314\site-packages\sqlalchemy\pool\base.py", line 712, in checkout
    rec = pool._do_get()
  File "C:\Users\User\AppData\Roaming\Python\Python314\site-packages\sqlalchemy\pool\impl.py", line 178, in _do_get
    with util.safe_reraise():
         ~~~~~~~~~~~~~~~~~^^
  File "C:\Users\User\AppData\Roaming\Python\Python314\site-packages\sqlalchemy\util\langhelpers.py", line 122, in __exit__
    raise exc_value.with_traceback(exc_tb)
  File "C:\Users\User\AppData\Roaming\Python\Python314\site-packages\sqlalchemy\pool\impl.py", line 176, in _do_get
    return self._create_connection()
           ~~~~~~~~~~~~~~~~~~~~~~~^^
  File "C:\Users\User\AppData\Roaming\Python\Python314\site-packages\sqlalchemy\pool\base.py", line 389, in _create_connection
    return _ConnectionRecord(self)
  File "C:\Users\User\AppData\Roaming\Python\Python314\site-packages\sqlalchemy\pool\base.py", line 674, in __init__
    self.__connect()
    ~~~~~~~~~~~~~~^^
  File "C:\Users\User\AppData\Roaming\Python\Python314\site-packages\sqlalchemy\pool\base.py", line 900, in __connect
    with util.safe_reraise():
         ~~~~~~~~~~~~~~~~~^^
  File "C:\Users\User\AppData\Roaming\Python\Python314\site-packages\sqlalchemy\util\langhelpers.py", line 122, in __exit__
    raise exc_value.with_traceback(exc_tb)
  File "C:\Users\User\AppData\Roaming\Python\Python314\site-packages\sqlalchemy\pool\base.py", line 896, in __connect
    self.dbapi_connection = connection = pool._invoke_creator(self)
                                         ~~~~~~~~~~~~~~~~~~~~^^^^^^
  File "C:\Users\User\AppData\Roaming\Python\Python314\site-packages\sqlalchemy\engine\create.py", line 667, in connect
    return dialect.connect(*cargs_tup, **cparams)
           ~~~~~~~~~~~~~~~^^^^^^^^^^^^^^^^^^^^^^^
  File "C:\Users\User\AppData\Roaming\Python\Python314\site-packages\sqlalchemy\engine\default.py", line 630, in connect
    return self.loaded_dbapi.connect(*cargs, **cparams)  # type: ignore[no-any-return]  # NOQA: E501
           ~~~~~~~~~~~~~~~~~~~~~~~~~^^^^^^^^^^^^^^^^^^^
sqlalchemy.exc.OperationalError: (sqlite3.OperationalError) unable to open database file
(Background on this error at: https://sqlalche.me/e/20/e3q8)
[2026-08-13 14:30:25] [ERROR] [33e2899f] app: Unhandled exception
Traceback (most recent call last):
  File "C:\Users\User\AppData\Roaming\Python\Python314\site-packages\flask\app.py", line 880, in full_dispatch_request
    rv = self.dispatch_request()
  File "C:\Users\User\AppData\Roaming\Python\Python314\site-packages\flask\app.py", line 854, in dispatch_request
    self.raise_routing_exception(req)
    ~~~~~~~~~~~~~~~~~~~~~~~~~~~~^^^^^
  File "C:\Users\User\AppData\Roaming\Python\Python314\site-packages\flask\app.py", line 463, in raise_routing_exception
    raise request.routing_exception  # type: ignore[misc]
    ^^^^^^^^^^^^^^^^^^^^^^^^^^^^^^^
  File "C:\Users\User\AppData\Roaming\Python\Python314\site-packages\flask\ctx.py", line 362, in match_request
    result = self.url_adapter.match(return_rule=True)  # type: ignore
  File "C:\Users\User\AppData\Roaming\Python\Python314\site-packages\werkzeug\routing\map.py", line 627, in match
    raise WebsocketMismatch() from None
werkzeug.routing.exceptions.WebsocketMismatch: 400 Bad Request: The browser (or proxy) sent a request that this server could not understand.
